[DEBG] root: OS: Microsoft Windows 10.0.26200 X64
[DEBG] root: .NET Runtime: .NET 10.0.0 win-x64
[DEBG] root: Server GC: False
[DEBG] root: Processor: 16x AMD Ryzen 7 7700X 8-Core Processor
[DEBG] root: Available Memory: 63.75 GiB
[DEBG] root: Architecture: X64
[DEBG] root: Robust Version: 290.0.0.0
[DEBG] root: Compile Options: FULL_RELEASE;RELEASE;EXCEPTION_TOLERANCE
[DEBG] root: Intrinsics: X86Aes;Avx;Avx2;Avx512BW;Avx512BW.VL;Avx512CD;Avx512CD.VL;Avx512DQ;Avx512DQ.VL;Avx512F;Avx512F.VL;Avx512Vbmi;Avx512Vbmi.VL;Bmi1;Bmi2;Fma;Lzcnt;Pclmulqdq;Popcnt;Sse;Sse2;Sse3;Ssse3;Sse41;Sse42;X86Base
[INFO] cfg: Configuration loaded from file
[INFO] clyde.win.sdl3: [system] App name: SDL Application
[INFO] clyde.win.sdl3: [system] App version: <unspecified>
[INFO] clyde.win.sdl3: [system] App ID: <unspecified>
[INFO] clyde.win.sdl3: [system] SDL revision: SDL-3.4.8-release-3.4.8
[DEBG] clyde.win.sdl3: [system] SDL chose video backend 'windows'
[DEBG] clyde.win: SDL3 initialized, version: 3.4.8, video driver: "windows"
[DEBG] clyde.ogl: OpenGL Vendor: NVIDIA Corporation
[DEBG] clyde.ogl: OpenGL Renderer: NVIDIA GeForce RTX 3080/PCIe/SSE2
[DEBG] clyde.ogl: OpenGL Version: 3.3.0 NVIDIA 616.56
[DEBG] clyde.ogl: OpenGL Extensions: GL_AMD_multi_draw_indirect GL_AMD_seamless_cubemap_per_texture (about 12 KB of extension names removed from the fixture)
[DEBG] clyde.ogl: OpenGL capabilities:
[DEBG] clyde.ogl:   khr_debug: True
[DEBG] clyde.ogl:   sampler_objects: True
[DEBG] clyde.ogl:   texture_swizzle: True
[DEBG] clyde.ogl:   vertex_array_object: True
[DEBG] clyde.ogl:   fence_sync: True
[DEBG] clyde.ogl:   map_buffer: True
[DEBG] clyde.ogl:   map_buffer_range: True
[DEBG] clyde.ogl:   pixel_buffer_object: True
[DEBG] clyde.ogl:   standard_derivatives: True
[DEBG] clyde.ogl:   GLES: False
[DEBG] clyde.ogl: Loading stock textures...
[DEBG] clyde.ogl: Loading stock shaders...
[DEBG] clyde.ogl: Creating various GL objects...
[DEBG] clyde.ogl: Setting up RenderHandle...
[DEBG] clyde.ogl: Setting viewport and rendering splash...
[DEBG] clyde.oal: HRTF specifier count: 1
[DEBG] clyde.oal: OpenAL Vendor: OpenAL Community
[DEBG] clyde.oal: OpenAL Renderer: OpenAL Soft
[DEBG] clyde.oal: OpenAL Version: 1.1 ALSOFT 1.24.3
[DEBG] clyde.oal: HRTF status: Enabled
[DEBG] font.system: Initializing system font manager implementation
[DEBG] font.system: Done initializing system font manager in 00:00:00.0108906
[DEBG] res.mod: ENABLING assembly load context
[DEBG] res.mod: ENABLING sandboxing
[DEBG] res.mod: Found module '/Assemblies/Content.Client.dll'
[DEBG] res.mod: Found module '/Assemblies/Content.Shared.Database.dll'
[DEBG] res.mod: Found module '/Assemblies/Content.Shared.dll'
[DEBG] res.mod: LOADING modules
[DEBG] res.typecheck: Robust directory not available
[DEBG] res.typecheck: Checking assembly...
[DEBG] res.typecheck: Checking assembly...
[DEBG] res.typecheck: Checking assembly...
[DEBG] res.typecheck: Content.Shared.Database: Verifying IL...
[DEBG] res.typecheck: Content.Shared: Verifying IL...
[DEBG] res.typecheck: Content.Client: Verifying IL...
[DEBG] res.typecheck: Content.Shared.Database: Verified IL in 81.1807ms
[DEBG] res.typecheck: References loaded... 535ms
[DEBG] res.typecheck: Types... 537ms
[DEBG] res.typecheck: Inheritance... 538ms
[DEBG] res.typecheck: Unmanaged methods... 539ms
[DEBG] res.typecheck: Type abuse... 539ms
[DEBG] res.typecheck: Checked assembly in 542ms
[DEBG] res.typecheck: Content.Client: Verified IL in 449.0297ms
[DEBG] res.typecheck: References loaded... 729ms
[DEBG] res.typecheck: Types... 754ms
[DEBG] res.typecheck: Inheritance... 756ms
[DEBG] res.typecheck: Unmanaged methods... 762ms
[DEBG] res.typecheck: Type abuse... 763ms
[DEBG] res.typecheck: Checked assembly in 787ms
[DEBG] res.typecheck: Content.Shared: Verified IL in 775.9082ms
[DEBG] res.typecheck: References loaded... 1025ms
[DEBG] res.typecheck: Types... 1025ms
[DEBG] res.typecheck: Inheritance... 1035ms
[DEBG] res.typecheck: Unmanaged methods... 1036ms
[DEBG] res.typecheck: Type abuse... 1036ms
[DEBG] res.typecheck: Checked assembly in 1039ms
[DEBG] res.mod: Verified assemblies in 1049ms
[DEBG] res.mod: Loading module: '/Assemblies/Content.Shared.Database.dll'
[DEBG] res.mod: Loading module: '/Assemblies/Content.Shared.dll'
[DEBG] res.mod: Loading module: '/Assemblies/Content.Client.dll'
[DEBG] res.mod: DONE loading modules: 00:00:01.2880039
[DEBG] serialization: Skipping registering data definition for type Content.Shared.StatusIcon.StatusIconPrototype since it is abstract or an interface
[DEBG] serialization: Skipping registering data definition for type Content.Shared.DeviceLinking.DevicePortPrototype since it is abstract or an interface
[DEBG] serialization: Skipping registering data definition for type Content.Shared.EntityConditions.EntityConditionEvent`1[T] since it is abstract or an interface
[DEBG] serialization: Skipping registering data definition for type Content.Shared.Nutrition.EntitySystems.SatiationThresholds`1[T] since it is abstract or an interface
[DEBG] res.preload: (Meta atlas 0) - cropped utilization: 97.16%, fill percentage: 63.02%
[DEBG] res.preload: Preloaded 3128 RSIs into 1 Atlas(es?) (27 not atlassed, 0 errored) in 00:00:01.2572187
[DEBG] res.preload: Preloading textures...
[DEBG] res.preload: Preloaded 883 textures (0 errored, 27 skipped) in 00:00:00.0896364
[INFO] szr: Serializer Types Hash: F6BCB1C684CAE45B258093FC83F195A08B9F355C6E31E58F5409BA75633C359D
[WARN] proto: Registering an ignored prototype Content.Shared.Maps.GameMapPoolPrototype
[WARN] proto: Registering an ignored prototype Content.Shared.Maps.GameMapPrototype
[WARN] proto: Registering an ignored prototype Content.Shared.GameTicking.Prototypes.GamePresetPrototype
[INFO] client: Tickrate changed to: 30 on tick 1
[INFO] client: Tickrate changed to: 1 on tick 1
[DEBG] client: Runlevel changed to: Initialize
[DEBG] style: Initializing Stylesheets...
[DEBG] style: Initialized 512 style rules in 00:00:00.0311605
[DEBG] root: Switching to state Content.Client.Launcher.LauncherConnecting
[DEBG] client: Runlevel changed to: Connecting
[DEBG] net: Attempting to connect to lizard.spacestation14.com port 1212
[DEBG] net: First attempt IP address is 2604:2dc0:20f:702::10, second attempt 51.81.194.242
[DEBG] net: "[2604:2dc0:20f:702::10]:1212": Status changed to InitiatedConnect, reason: "user called connect"
[DEBG] net: "51.81.194.242:1212": Status changed to InitiatedConnect, reason: "user called connect"
[DEBG] net: "51.81.194.242:1212": Status changed to Connected, reason: "Connected to B271BE2085868A7C"
[DEBG] net: "[2604:2dc0:20f:702::10]:1212": Status changed to Disconnected, reason: "Connection attempt failed"
[DEBG] net: Handshake completed, connection established.
[INFO] net: Received message name string table.
[INFO] net: Client completed transfer handshake.
[INFO] net: Client completed serializer handshake.
[INFO] clientplaytime: Current day: 25 Current Date: 2026-09-25
[INFO] cfg: Sending client info...
[DEBG] client: Synchronized time base: 1: 00:00:00
[INFO] player: Changing local session from null to PLAYER_NAME.
[DEBG] client: Runlevel changed to: Connected
[INFO] clyde.oal: Set audio attenuation to LinearDistanceClamped
[INFO] clyde.oal: Set doppler factor to 1.00
[DEBG] clyde: Tile atlas took 00:00:00.0348646 to build
[INFO] state: Received Full GameState: to=493, sz=695
[DEBG] admin: Have 23 commands available
[INFO] admin: Updated admin status: Not admin
[DEBG] job_requirements: Received role ban info: 0 job ban entries and 0 antag ban entries.
[INFO] state: Resetting all entity states to tick 493.
[DEBG] client: Runlevel changed to: InGame
[DEBG] root: Switching to state Content.Client.Lobby.LobbyState
[WARN] eng: MainLoop: Cannot keep up!
[INFO] CON: 
[INFO] CON: > toggleready True
[ERRO] system.joint: While adding joint docking341 to entity NT14 Marathon Station LV-357 (5/n18), the joint already existed for the connected entity NT Escape Pod (86/n87029).
[INFO] player: Attaching local player to CHARACTER (89/n95280, StationAiBrain, PLAYER_NAME).
[WARN] eng: MainLoop: Cannot keep up!
[DEBG] root: Switching to state Content.Client.Gameplay.GameplayState
[WARN] eng: MainLoop: Cannot keep up!
[WARN] loc: Unknown messageId ("en-US"): "INACTIVE"
[WARN] loc: Unknown messageId ("en-US"): "ACTIVATING"
[DEBG] clyde.oal: Cleaning out buffered source 22 which finalized in another thread.
[INFO] CON: 
[INFO] CON: > say "(chat removed from the fixture)"
[WARN] entity: Deleting an already deleted component. Entity: OTHER_PLAYER (25868/n126756, MobSlimePerson, OTHER_PLAYER), Component: Sliding.
